[dotenv@17.3.1] injecting env (7) from .env -- tip: ΓÜí∩╕Å secrets for agents: https://dotenvx.com/as2
GEMINI TEST FAILED: [GoogleGenerativeAI Error]: Error fetching from https://generativelanguage.googleapis.com/v1beta/models/gemini-1.5-flash:generateContent: [404 Not Found] models/gemini-1.5-flash is not found for API version v1beta, or is not supported for generateContent. Call ListModels to see the list of available models and their supported methods.
